border_size=1
usage=map

Xv          , Xv          , Xv          , Xv          , Xv          , Xv          , Xv          , Xv          , Xv          , Xv          , Xv          , Xv          , Xv          , Xv          , Xv          , Xv          , Xv          , Xv          , Xv          , Xv          , Xv          , Xv          , Xv          , Xv          , Xv          , Xv          , Xv          , Xv          , Xv          , Xv          , Xv          
Xv          , 3 _s        , Xv          , Xv          , Xv          , Xv          , Xv          , Xv          , Xv          , Xv          , Xv          , Xv          , Xv          , Xv          , Xv          , Xv          , Xv          , Xv          , Xv          , Xv          , Xv          , Xv          , Xv          , Xv          , Xv          , Xv          , Xv          , Xv          , Xv          , Xv          , Xv          
Xv          , Xv          , Xv          , Xv          , Xv          , Xv          , Xv          , Xv          , Xv          , Xv          , Xv          , Xv          , Xv          , Xv          , Xv          , Xv          , Xv          , Xv          , Xv          , Xv          , Xv          , Xv          , Xv          , Xv          , Xv          , Xv          , Xv          , Xv          , Xv          , Xv          , Xv          
Xv          , Xv          , Xv          , Xv          , Xv          , Xv          , Xv          , Xv          , Xv          , Xv          , Xv          , Xv          , Xv          , Xv          , Xv          , Xv          , Xv          , Xv          , Xv          , Xv          , Xv          , Xv          , Xv          , Xv          , Xv          , Xv          , Xv          , Xv          , Xv          , Xv          , Xv          
Xv          , Xv          , Xv          , Xv          , Xv          , Xv          , Xv          , Xv          , Xv          , Xv          , Xv          , Xv          , Xv          , Xv          , Xv          , Xv          , Xv          , Xv          , Xv          , Xv          , Xv          , Xv          , Xv          , Xv          , Xv          , Xv          , Xv          , Xv          , Xv          , Xv          , Xv          
Xv          , Xv          , Xv          , Xv          , Xv          , Xv          , Xv          , Xv          , Xv          , Xv          , Xv          , Xv          , Xv          , Xv          , Xv          , Xv          , Xv          , Xv          , Xv          , Xv          , Xv          , Xv          , Xv          , Xv          , Xv          , Xv          , Xv          , Xv          , Xv          , Xv          , Xv          
Xv          , Xv          , Xv          , Xv          , Xv          , Xv          , Xv          , Xv          , Xv          , Xv          , Xv          , Xv          , Xv          , Xv          , Xv          , Xv          , Xv          , Xv          , Xv          , Xv          , Xv          , Xv          , Xv          , Xv          , Xv          , Xv          , Xv          , Xv          , Xv          , Xv          , Xv          
Xv          , Xv          , Xv          , Xv          , Xv          , Xv          , Xv          , Xv          , Xv          , Xv          , Xv          , Xv          , Xv          , Xv          , Xv          , Rr          , Rr          , Xv          , Xv          , Xv          , Xv          , Xv          , Xv          , Xv          , Xv          , Xv          , Xv          , Xv          , Xv          , Xv          , Xv          
Xv          , Xv          , Xv          , Xv          , Xv          , Xv          , Xv          , Xv          , Xv          , Xv          , Xv          , Xv          , Xv          , Xv          , Xv          , Rr          , Rr          , Xv          , Xv          , Xv          , Xv          , Xv          , Xv          , Xv          , Xv          , Xv          , Xv          , Xv          , Xv          , Xv          , Xv          
Xv          , Xv          , Xv          , Xv          , Xv          , Xv          , Xv          , Xv          , Xv          , Xv          , Xv          , Xv          , Xv          , Xv          , Xv          , Rr          , Rr          , Xv          , Xv          , Xv          , Xv          , Xv          , Xv          , Xv          , Xv          , Xv          , Xv          , Xv          , Xv          , Xv          , Xv          
Xv          , Xv          , Xv          , Xv          , Xv          , Xv          , Xv          , Xv          , Xv          , Xv          , Xv          , Xv          , Xv          , Xv          , Xv          , Rr          , Rr          , Xv          , Xv          , Xv          , Xv          , Xv          , Xv          , Xv          , Xv          , Xv          , Xv          , Xv          , Xv          , Xv          , Xv          
Xv          , Xv          , Xv          , Xv          , Xv          , Xv          , Xv          , Xv          , Xv          , Xv          , Xv          , Xv          , Xv          , Xv          , Rr          , Rr          , Rr          , Rr          , Rr          , Xv          , Xv          , Xv          , Xv          , Xv          , Xv          , Xv          , Xv          , Xv          , Xv          , Xv          , Xv          
Xv          , Xv          , Xv          , Xv          , Xv          , Xv          , Xv          , Xv          , Xv          , Xv          , Xv          , Xv          , Xv          , Xv          , Xv          , Rr          , Rr          , Rr          , Rr          , Xv          , Rr          , Xv          , Xv          , Xv          , Xv          , Xv          , Xv          , Xv          , Xv          , Xv          , Xv          
Xv          , Xv          , Xv          , Xv          , Xv          , Xv          , Xv          , Xv          , Xv          , Xv          , Xv          , Xv          , Xv          , Xv          , Rr          , Xv          , Xv          , Rr          , Rr          , Rr          , Xv          , Xv          , Rr          , Xv          , Xv          , Xv          , Xv          , Xv          , Xv          , Xv          , Xv          
Xv          , Xv          , Xv          , Xv          , Xv          , Xv          , Xv          , Xv          , Xv          , Xv          , Xv          , Xv          , Xv          , Xv          , Rr          , Rr          , Rr          , Rr          , Rr          , Xv          , Rr          , Rr          , Xv          , Xv          , Xv          , Xv          , Xv          , Xv          , Xv          , Xv          , Xv          
Xv          , Xv          , Xv          , Xv          , Xv          , Xv          , Xv          , Xv          , Xv          , Xv          , Xv          , Xv          , Rr          , Rr          , Xv          , Xv          , Xv          , Rr          , Rr          , Rr          , Rr          , Xv          , Xv          , Xv          , Xv          , Xv          , Xv          , Xv          , Xv          , Xv          , Xv          
Xv          , Xv          , Xv          , Xv          , Xv          , Xv          , Xv          , Xv          , Rr          , Xv          , Rr          , Rr          , Xv          , Xv          , Xv          , Xv          , Rr          , Rr          , Xv          , Xv          , Xv          , Rr          , Xv          , Xv          , Xv          , Xv          , Xv          , Xv          , Xv          , Xv          , Xv          
Xv          , Xv          , Xv          , Xv          , Xv          , Xv          , Xv          , Xv          , Xv          , Rr          , Xv          , Xv          , Rr          , Xv          , Rr          , Rr          , Rr          , Rr          , Xv          , Xv          , Xv          , Xv          , Xv          , Xv          , Xv          , Xv          , Xv          , Xv          , Xv          , Xv          , Xv          
Xv          , Xv          , Xv          , Xv          , Xv          , Xv          , Xv          , Xv          , Xv          , Xv          , Rr          , Rr          , Rr          , Rr          , Xv          , Rr          , Xv          , Xv          , Xv          , Xv          , Xv          , Xv          , Xv          , Xv          , Xv          , Xv          , Xv          , Xv          , Xv          , Xv          , Xv          
Xv          , Xv          , Xv          , Xv          , Xv          , Xv          , Xv          , Xv          , Xv          , Xv          , Xv          , Rr          , Xv          , Xv          , Rr          , Rr          , Rr          , Xv          , Xv          , Xv          , Xv          , Xv          , Xv          , Xv          , Xv          , Xv          , Xv          , Xv          , Xv          , Xv          , Xv          
Xv          , Xv          , Xv          , Xv          , Xv          , Xv          , Xv          , Xv          , Xv          , Xv          , Xv          , Xv          , Rr          , Rr          , Xv          , 1 Rr        , Xv          , Xv          , Xv          , Xv          , Xv          , Xv          , Xv          , Xv          , Xv          , Xv          , Xv          , Xv          , Rr          , Xv          , Xv          
Xv          , Xv          , Xv          , Xv          , Xv          , Xv          , Xv          , Xv          , Xv          , Xv          , Rr          , Rr          , Rr          , Rr          , Xv          , Xv          , Xv          , Xv          , Rr^Cov      , Rr^Cov      , Rr^Cov      , Xv          , Xv          , Xv          , Xv          , Xv          , Rr          , Rr          , Rr          , Xv          , Xv          
Xv          , Xv          , Xv          , Xv          , Xv          , Xv          , Xv          , Xv          , Xv          , Xv          , Xv          , Rr          , Rr          , Rr          , Rr          , Rr          , Rr          , Rr          , Rr^Cov      , 2 Rr^Kov    , Rr^Cov      , Rr          , Xv          , Xv          , Rr          , Rr          , Rr          , Rr          , Rr          , Xv          , Xv          
Xv          , Xv          , Xv          , Xv          , Xv          , Xv          , Xv          , Xv          , Xv          , Xv          , Xv          , Xv          , Xv          , Rr          , Rr          , Rr          , Xv          , Rr          , Xv          , Rr^Cov      , Xv          , Xv          , Rr          , Rr          , Rr          , Rr          , Rr          , Rr          , Xv          , Xv          , Xv          
Xv          , Xv          , Xv          , Xv          , Xv          , Xv          , Xv          , Xv          , Xv          , Xv          , Xv          , Xv          , Xv          , Xv          , Rr          , Xv          , Rr          , Rr          , Rr          , Xv          , Rr          , Rr          , Rr          , Rr          , Rr          , Rr          , Xv          , Xv          , Xv          , Xv          , Xv          
Xv          , Xv          , Xv          , Xv          , Xv          , Xv          , Xv          , Xv          , Xv          , Xv          , Xv          , Xv          , Xv          , Rr          , Rr          , Rr          , Rr          , Rr          , Rr          , Rr          , Rr          , Rr          , Rr          , Rr          , Xv          , Xv          , Xv          , Xv          , Xv          , Xv          , Xv          
Xv          , Xv          , Xv          , Xv          , Xv          , Xv          , Xv          , Xv          , Xv          , Xv          , Xv          , Xv          , Xv          , Xv          , Xv          , Rr          , Rr          , Rr          , Xv          , Xv          , Rr          , Rr          , Xv          , Xv          , Xv          , Xv          , Xv          , Xv          , Xv          , Xv          , Xv          
Xv          , Xv          , Xv          , Xv          , Xv          , Xv          , Xv          , Xv          , Rr          , Rr          , Xv          , Xv          , Xv          , Xv          , Xv          , Xv          , Xv          , Xv          , Rr          , Rr          , Rr          , Xv          , Xv          , Xv          , Xv          , Xv          , Xv          , Xv          , Xv          , Xv          , Xv          
Xv          , Xv          , Xv          , Xv          , Xv          , Xv          , Rr          , Rr          , Rr          , Xv          , Xv          , Xv          , Xv          , Xv          , Xv          , Xv          , Xv          , Rr          , Rr          , Rr          , Xv          , Xv          , Xv          , Xv          , Xv          , Xv          , Xv          , Xv          , Xv          , Xv          , Xv          
Xv          , Xv          , Xv          , Xv          , Rr          , Rr          , Rr          , Rr          , Rr          , Rr          , Rr          , Xv          , Xv          , Xv          , Xv          , Xv          , Rr          , Rr          , Xv          , Xv          , Xv          , Xv          , Xv          , Xv          , Xv          , Xv          , Xv          , Xv          , Xv          , Xv          , Xv          
Xv          , Xv          , Rr          , Rr          , Rr          , Rr          , Rr          , Rr          , Rr          , Rr          , Rr          , Rr          , Rr          , Xv          , Xv          , Xv          , Rr          , Rr          , Xv          , Xv          , Xv          , Xv          , Xv          , Xv          , Xv          , Xv          , Xv          , Xv          , Xv          , Xv          , Xv          
Xv          , Xv          , Rr          , Rr          , Rr          , Rr          , Rr          , Rr          , Rr          , Rr          , Rr          , Rr          , Rr          , Rr          , Rr          , Rr          , Rr          , Xv          , Xv          , Xv          , Xv          , Xv          , Xv          , Xv          , Xv          , Xv          , Xv          , Xv          , Xv          , Xv          , Xv          
Xv          , Xv          , Rr          , Rr          , Rr          , Rr          , Rr          , Rr          , Rr          , Rr          , Rr          , Rr          , Rr          , Rr          , Rr          , Rr          , Xv          , Xv          , Xv          , Xv          , Xv          , Xv          , Xv          , Xv          , Xv          , Xv          , Xv          , Xv          , Xv          , Xv          , Xv          
Xv          , Xv          , Rr          , Rr          , Rr          , Rr          , Rr          , Rr          , Rr          , Rr          , Rr          , Rr          , Rr          , Rr          , Xv          , Xv          , Xv          , Xv          , Xv          , Xv          , Xv          , Xv          , Xv          , Xv          , Xv          , Xv          , Xv          , Xv          , Xv          , Xv          , Xv          
Xv          , Xv          , Xv          , Xv          , Rr          , Rr          , Xv          , Xv          , Rr          , Rr          , Xv          , Xv          , Xv          , Xv          , Xv          , Xv          , Xv          , Xv          , Xv          , Xv          , Xv          , Xv          , Xv          , Xv          , Xv          , Xv          , Xv          , Xv          , Xv          , Xv          , Xv          
Xv          , Xv          , Rr          , Xv          , Rr          , Rr          , Rr          , Xv          , Rr          , Rr          , Rr          , Xv          , Xv          , Xv          , Xv          , Xv          , Xv          , Xv          , Xv          , Xv          , Xv          , Xv          , Xv          , Xv          , Xv          , Xv          , Xv          , Xv          , Xv          , Xv          , Xv          
Xv          , Xv          , Rr          , Rr          , Rr          , Rr          , Rr          , Rr          , Rr          , Rr          , Rr          , Rr          , Xv          , Xv          , Xv          , Xv          , Xv          , Xv          , Xv          , Xv          , Xv          , Xv          , Xv          , Xv          , Xv          , Xv          , Xv          , Xv          , Xv          , Xv          , Xv          
Xv          , Xv          , Rr          , Rr          , Rr          , Rr          , Rr          , Rr          , Rr          , Rr          , Rr          , Rr          , Xv          , Xv          , Xv          , Xv          , Xv          , Xv          , Xv          , Xv          , Xv          , Xv          , Xv          , Xv          , Xv          , Xv          , Xv          , Xv          , Xv          , Xv          , Xv          
Xv          , Xv          , Rr          , Rr          , Rr          , Rr          , Rr          , Rr          , Rr          , Rr          , Rr          , Rr          , Xv          , Xv          , Xv          , Xv          , Xv          , Xv          , Xv          , Xv          , Xv          , Xv          , Xv          , Xv          , Xv          , Xv          , Xv          , Xv          , Xv          , Xv          , Xv          
Xv          , Xv          , Rr          , Rr          , Rr          , Rr          , Rr          , Rr          , Rr          , Rr          , Rr          , Rr          , Xv          , Xv          , Xv          , Xv          , Xv          , Xv          , Xv          , Xv          , Xv          , Xv          , Xv          , Xv          , Xv          , Xv          , Xv          , Xv          , Xv          , Xv          , Xv          
Xv          , Xv          , Rr          , Rr          , Rr          , Rr          , Rr          , Rr          , Rr          , Rr          , Rr          , Rr          , Xv          , Xv          , Xv          , Xv          , Xv          , Xv          , Xv          , Xv          , Xv          , Xv          , Xv          , Xv          , Xv          , Xv          , Xv          , Xv          , Xv          , Xv          , Xv          
Xv          , Xv          , Rr          , Rr          , Rr          , Rr          , Rr          , Rr          , Rr          , Rr          , Rr          , Rr          , Xv          , Xv          , Xv          , Xv          , Xv          , Xv          , Xv          , Xv          , Xv          , Xv          , Xv          , Xv          , Xv          , Xv          , Xv          , Xv          , Xv          , Xv          , Xv          
