border_size=1
usage=map

Xv          , Xv          , Xv          , Xv          , Xv          , Xv          , Xv          , Xv          , Xv          , Xv          , Xv          , Xv          , Xv          , Xv          , Xv          , Xv          , Xv          , Xv          , Xv          , Xv          , Xv          , Xv          , Xv          , Xv          , Xv          , Xv          , Xv          , Xv          , Xv          , Xv          , Xv          , Xv          , Xv          , Xv          , Xv          , Xv          , Xv          , Xv          , Xv          , Xv          , Xv          , Xv          , Xv          , Xv          , Xv          , Xv          , Xv          , Xv          
Qxu^Xo      , Xv          , Qxu^Xo      , Xv          , Qxu^Xo      , Xv          , Qxu^Xo      , Xv          , Qxu^Xo      , Xv          , Qxu^Xo      , Xv          , Qxu^Xo      , Xv          , Qxu^Xo      , Xv          , Qxu^Xo      , Xv          , Qxu^Xo      , Xv          , Qxu^Xo      , Xv          , Qxu^Xo      , Xv          , Qxu^Xo      , Xv          , Qxu^Xo      , Xv          , Qxu^Xo      , Xv          , Qxu^Xo      , Xv          , Qxu^Xo      , Xv          , Qxu^Xo      , Xv          , Qxu^Xo      , Xv          , Qxu^Xo      , Xv          , Qxu^Xo      , Xv          , Qxu^Xo      , Xv          , Qxu^Xo      , Xv          , Qxu^Xo      , Xv          
Qxu^Xo      , Qxu^Xo      , Qxu^Xo      , Qxu^Xo      , Qxu^Xo      , Qxu^Xo      , Qxu^Xo      , Qxu^Xo      , Qxu^Xo      , Qxu^Xo      , Qxu^Xo      , Qxu^Xo      , Qxu^Xo      , Qxu^Xo      , Qxu^Xo      , Qxu^Xo      , Qxu^Xo      , Qxu^Xo      , Qxu^Xo      , Qxu^Xo      , Qxu^Xo      , Qxu^Xo      , Qxu^Xo      , Qxu^Xo      , Qxu^Xo      , Qxu^Xo      , Qxu^Xo      , Qxu^Xo      , Qxu^Xo      , Qxu^Xo      , Qxu^Xo      , Qxu^Xo      , Qxu^Xo      , Qxu^Xo      , Qxu^Xo      , Qxu^Xo      , Qxu^Xo      , Qxu^Xo      , Qxu^Xo      , Qxu^Xo      , Qxu^Xo      , Qxu^Xo      , Qxu^Xo      , Qxu^Xo      , Qxu^Xo      , Qxu^Xo      , Qxu^Xo      , Qxu^Xo      
Qxu^Xo      , Qxu^Xo      , Qxu^Xo      , Qxu^Xo      , Qxu^Xo      , Qxu^Xo      , Qxu^Xo      , Qxu^Xo      , Qxu^Xo      , Qxu^Xo      , Qxu^Xo      , Qxu^Xo      , Qxu^Xo      , Qxu^Xo      , Qxu^Xo      , Qxu^Xo      , Qxu^Xo      , Qxu^Xo      , Qxu^Xo      , Qxu^Xo      , Qxu^Xo      , Qxu^Xo      , Qxy         , Qxy         , Qxu^Xo      , Qxu^Xo      , Qxu^Xo      , Qxu^Xo      , Qxu^Xo      , Qxu^Xo      , Qxu^Xo      , Qxu^Xo      , Qxu^Xo      , Qxu^Xo      , Qxu^Xo      , Qxu^Xo      , Qxu^Xo      , Qxu^Xo      , Qxu^Xo      , Qxu^Xo      , Qxu^Xo      , Qxu^Xo      , Qxu^Xo      , Qxu^Xo      , Qxu^Xo      , Qxu^Xo      , Qxu^Xo      , Qxu^Xo      
Qxu^Xo      , Qxu^Xo      , Qxu^Xo      , Qxu^Xo      , Qxu^Xo      , Qxu^Xo      , Qxu^Xo      , Qxu^Xo      , Qxu^Xo      , Qxu^Xo      , Qxu^Xo      , Qxu^Xo      , Qxu^Xo      , Qxu^Xo      , Qxu^Xo      , Qxu^Xo      , Qxu^Xo      , Qxu^Xo      , Qxu^Xo      , Qxu^Xo      , Qxy         , Qxy         , Qxu^Xo      , Qxu^Xo      , Qxu^Xo      , Qxu^Xo      , Qxu^Xo      , Qxu^Xo      , Qxu^Xo      , Qxu^Xo      , Qxu^Xo      , Qxu^Xo      , Qxu^Xo      , Qxu^Xo      , Qxu^Xo      , Qxu^Xo      , Qxu^Xo      , Qxu^Xo      , Qxu^Xo      , Qxu^Xo      , Qxu^Xo      , Qxu^Xo      , Qxu^Xo      , Qxu^Xo      , Qxu^Xo      , Qxu^Xo      , Qxu^Xo      , Qxu^Xo      
Qxu^Xo      , Qxu^Xo      , Qxu^Xo      , Qxu^Xo      , Qxu^Xo      , Qxu^Xo      , Qxu^Xo      , Qxu^Xo      , Qxu^Xo      , Qxu^Xo      , Qxu^Xo      , Qxu^Xo      , Qxu^Xo      , Qxu^Xo      , Qxu^Xo      , Qxu^Xo      , Qxu^Xo      , Qxu^Xo      , Qxy         , Qxy         , Qxu^Xo      , Qxu^Xo      , Qxu^Xo      , Qxu^Xo      , Qxu^Xo      , Qxu^Xo      , Qxu^Xo      , Qxu^Xo      , Qxu^Xo      , Qxu^Xo      , Qxu^Xo      , Qxu^Xo      , Qxu^Xo      , Qxu^Xo      , Qxu^Xo      , Qxu^Xo      , Qxu^Xo      , Qxu^Xo      , Qxu^Xo      , Qxu^Xo      , Qxu^Xo      , Qxu^Xo      , Qxu^Xo      , Qxu^Xo      , Qxu^Xo      , Qxu^Xo      , Qxu^Xo      , Qxu^Xo      
Qxu^Xo      , Qxu^Xo      , Qxu^Xo      , Qxu^Xo      , Qxu^Xo      , Qxu^Xo      , Qxu^Xo      , Qxu^Xo      , Qxu^Xo      , Qxu^Xo      , Qxu^Xo      , Qxu^Xo      , Qxu^Xo      , Qxu^Xo      , Qxu^Xo      , Qxu^Xo      , Qxy         , Qxy         , Qxu^Xo      , Qxu^Xo      , Qxu^Xo      , Qxu^Xo      , Qxu^Xo      , Qxu^Xo      , Qxu^Xo      , Qxu^Xo      , Qxu^Xo      , Qxu^Xo      , Qxu^Xo      , Qxu^Xo      , Qxu^Xo      , Qxu^Xo      , Qxu^Xo      , Qxu^Xo      , Qxu^Xo      , Qxu^Xo      , Qxu^Xo      , Qxu^Xo      , Qxu^Xo      , Qxu^Xo      , Qxu^Xo      , Qxu^Xo      , Qxu^Xo      , Qxu^Xo      , Qxu^Xo      , Qxu^Xo      , Qxu^Xo      , Qxu^Xo      
Qxu^Xo      , Qxu^Xo      , Qxu^Xo      , Qxu^Xo      , Qxu^Xo      , Qxu^Xo      , Qxu^Xo      , Qxu^Xo      , Qxu^Xo      , Qxu^Xo      , Qxu^Xo      , Qxu^Xo      , Qxu^Xo      , Qxu^Xo      , Qxy         , Qxy         , Qxu^Xo      , Qxu^Xo      , Qxu^Xo      , Qxu^Xo      , Qxu^Xo      , Qxu^Xo      , Qxu^Xo      , Qxu^Xo      , Qxu^Xo      , Qxu^Xo      , Qxu^Xo      , Qxu^Xo      , Qxu^Xo      , Qxu^Xo      , Qxu^Xo      , Qxu^Xo      , Qxu^Xo      , Qxu^Xo      , Qxu^Xo      , Qxu^Xo      , Qxu^Xo      , Qxu^Xo      , Qxu^Xo      , Qxu^Xo      , Qxu^Xo      , Qxu^Xo      , Qxu^Xo      , Qxu^Xo      , Qxu^Xo      , Qxu^Xo      , Qxu^Xo      , Qxu^Xo      
Qxu^Xo      , Qxu^Xo      , Qxu^Xo      , Qxu^Xo      , Qxu^Xo      , Qxu^Xo      , Qxu^Xo      , Qxu^Xo      , Qxu^Xo      , Qxu^Xo      , Qxu^Xo      , Qxu^Xo      , Qxy         , Qxy         , Qxu^Xo      , Qxu^Xo      , Qxu^Xo      , Qxu^Xo      , Qxu^Xo      , Qxu^Xo      , Qxu^Xo      , Qxu^Xo      , Qxu^Xo      , Qxu^Xo      , Qxu^Xo      , Qxu^Xo      , Qxu^Xo      , Qxu^Xo      , Qxu^Xo      , Qxu^Xo      , Qxu^Xo      , Qxu^Xo      , Qxu^Xo      , Qxu^Xo      , Qxu^Xo      , Qxu^Xo      , Qxu^Xo      , Qxu^Xo      , Qxu^Xo      , Qxu^Xo      , Qxu^Xo      , Qxu^Xo      , Qxu^Xo      , Qxu^Xo      , Qxu^Xo      , Qxu^Xo      , Qxu^Xo      , Qxu^Xo      
Qxu^Xo      , Qxu^Xo      , Qxu^Xo      , Qxu^Xo      , Qxu^Xo      , Qxu^Xo      , Qxu^Xo      , Qxu^Xo      , Qxu^Xo      , Qxu^Xo      , Qxy         , Qxy         , Qxu^Xo      , Qxu^Xo      , Qxu^Xo      , Qxu^Xo      , Qxu^Xo      , Qxu^Xo      , Qxu^Xo      , Qxu^Xo      , Qxu^Xo      , Qxu^Xo      , Qxu^Xo      , Qxu^Xo      , Qxu^Xo      , Qxu^Xo      , Qxu^Xo      , Qxu^Xo      , Qxu^Xo      , Qxu^Xo      , Qxu^Xo      , Qxu^Xo      , Qxu^Xo      , Qxu^Xo      , Qxu^Xo      , Qxu^Xo      , Qxu^Xo      , Qxu^Xo      , Qxu^Xo      , Qxu^Xo      , Qxu^Xo      , Qxu^Xo      , Qxu^Xo      , Qxu^Xo      , Qxu^Xo      , Qxu^Xo      , Qxu^Xo      , Qxu^Xo      
Qxu^Xo      , Qxu^Xo      , Qxu^Xo      , Qxu^Xo      , Qxu^Xo      , Qxu^Xo      , Qxu^Xo      , Qxu^Xo      , Qxu^Xo      , Qxy         , Qxu^Xo      , Qxu^Xo      , Qxu^Xo      , Qxu^Xo      , Qxu^Xo      , Qxu^Xo      , Qxu^Xo      , Qxu^Xo      , Qxu^Xo      , Qxu^Xo      , Qxu^Xo      , Qxu^Xo      , Qxu^Xo      , Qxu^Xo      , Qxu^Xo      , Qxu^Xo      , Qxu^Xo      , Qxu^Xo      , Qxu^Xo      , Qxu^Xo      , Qxu^Xo      , Qxu^Xo      , Qxu^Xo      , Qxu^Xo      , Qxu^Xo      , Qxu^Xo      , Qxu^Xo      , Qxu^Xo      , Qxu^Xo      , Qxu^Xo      , Qxu^Xo      , Qxu^Xo      , Qxu^Xo      , Qxu^Xo      , Qxu^Xo      , Qxu^Xo      , Qxu^Xo      , Qxu^Xo      
Qxu^Xo      , Qxu^Xo      , Qxu^Xo      , Qxu^Xo      , Qxu^Xo      , Qxu^Xo      , Qxu^Xo      , Qxu^Xo      , Qxy         , Qxy         , Qxu^Xo      , Qxu^Xo      , Qxu^Xo      , Qxu^Xo      , Qxu^Xo      , Qxu^Xo      , Qxu^Xo      , Qxu^Xo      , Qxu^Xo      , Qxu^Xo      , Qxu^Xo      , Qxu^Xo      , Qxu^Xo      , Qxu^Xo      , Qxu^Xo      , Qxu^Xo      , Qxu^Xo      , Qxu^Xo      , Qxu^Xo      , Qxu^Xo      , Qxu^Xo      , Qxu^Xo      , Qxu^Xo      , Qxu^Xo      , Qxu^Xo      , Qxu^Xo      , Qxu^Xo      , Qxu^Xo      , Qxu^Xo      , Qxu^Xo      , Qxu^Xo      , Qxu^Xo      , Qxu^Xo      , Qxu^Xo      , Qxu^Xo      , Qxu^Xo      , Qxu^Xo      , Qxu^Xo      
Qxu^Xo      , Qxu^Xo      , Qxu^Xo      , Qxu^Xo      , Qxu^Xo      , Qxu^Xo      , Qxu^Xo      , Qxy         , Qxy         , Qxu^Xo      , Qxu^Xo      , Qxu^Xo      , Qxu^Xo      , Qxu^Xo      , Qxu^Xo      , Qxu^Xo      , Qxu^Xo      , Qxu^Xo      , Qxu^Xo      , Qxu^Xo      , Qxu^Xo      , Qxu^Xo      , Qxu^Xo      , Qxu^Xo      , Qxu^Xo      , Qxu^Xo      , Qxu^Xo      , Qxu^Xo      , Qxu^Xo      , Qxu^Xo      , Qxu^Xo      , Qxu^Xo      , Qxu^Xo      , Qxu^Xo      , Qxu^Xo      , Qxu^Xo      , Qxu^Xo      , Qxu^Xo      , Qxu^Xo      , Qxu^Xo      , Qxu^Xo      , Qxu^Xo      , Qxu^Xo      , Qxu^Xo      , Qxu^Xo      , Qxu^Xo      , Qxu^Xo      , Qxu^Xo      
Qxu^Xo      , Qxu^Xo      , Qxu^Xo      , Qxu^Xo      , Qxu^Xo      , Qxu^Xo      , Qxy         , Qxy         , Qxu^Xo      , Qxu^Xo      , Qxu^Xo      , Qxu^Xo      , Qxu^Xo      , Qxu^Xo      , Qxu^Xo      , Qxu^Xo      , Qxu^Xo      , Qxu^Xo      , Qxu^Xo      , Qxu^Xo      , Qxu^Xo      , Qxu^Xo      , Qxu^Xo      , Qxu^Xo      , Qxu^Xo      , Qxu^Xo      , Qxu^Xo      , Qxu^Xo      , Qxu^Xo      , Qxu^Xo      , Qxu^Xo      , Qxu^Xo      , Qxu^Xo      , Qxu^Xo      , Qxu^Xo      , Qxu^Xo      , Qxu^Xo      , Qxu^Xo      , Qxu^Xo      , Qxu^Xo      , Qxu^Xo      , Qxu^Xo      , Qxu^Xo      , Qxu^Xo      , Qxu^Xo      , Qxu^Xo      , Qxu^Xo      , Qxu^Xo      
Qxu^Xo      , Qxu^Xo      , Qxu^Xo      , Qxu^Xo      , Qxu^Xo      , Qxu^Xo      , Qxy         , Qxu^Xo      , Qxu^Xo      , Qxu^Xo      , Qxu^Xo      , Qxu^Xo      , Qxu^Xo      , Qxu^Xo      , Qxu^Xo      , Qxu^Xo      , Qxu^Xo      , Qxu^Xo      , Qxu^Xo      , Qxu^Xo      , Qxu^Xo      , Qxu^Xo      , Qxu^Xo      , Qxu^Xo      , Qxu^Xo      , Qxu^Xo      , Qxu^Xo      , Qxu^Xo      , Qxu^Xo      , Qxu^Xo      , Qxu^Xo      , Qxu^Xo      , Qxu^Xo      , Qxu^Xo      , Qxu^Xo      , Qxu^Xo      , Qxu^Xo      , Qxu^Xo      , Qxu^Xo      , Qxu^Xo      , Qxu^Xo      , Qxu^Xo      , Qxu^Xo      , Qxu^Xo      , Qxu^Xo      , Qxu^Xo      , Qxu^Xo      , Qxu^Xo      
Qxu^Xo      , Qxu^Xo      , Qxu^Xo      , Qxu^Xo      , Qxu^Xo      , Qxu^Xo      , Qxy         , Qxy         , Qxy         , Qxu^Xo      , Qxu^Xo      , Qxu^Xo      , Qxu^Xo      , Qxu^Xo      , Qxu^Xo      , Qxu^Xo      , Qxu^Xo      , Qxu^Xo      , Qxu^Xo      , Qxu^Xo      , Qxu^Xo      , Qxu^Xo      , Qxu^Xo      , Qxu^Xo      , Qxu^Xo      , Qxu^Xo      , Qxu^Xo      , Qxu^Xo      , Qxu^Xo      , Qxu^Xo      , Qxu^Xo      , Qxu^Xo      , Qxu^Xo      , Qxu^Xo      , Qxu^Xo      , Qxu^Xo      , Qxu^Xo      , Qxu^Xo      , Qxu^Xo      , Qxu^Xo      , Qxu^Xo      , Qxu^Xo      , Qxu^Xo      , Qxu^Xo      , Qxu^Xo      , Qxu^Xo      , Qxu^Xo      , Qxu^Xo      
Qxu^Xo      , Qxu^Xo      , Qxu^Xo      , Qxu^Xo      , Qxu^Xo      , Qxu^Xo      , Qxu^Xo      , Qxy         , Qxy         , Qxu^Xo      , Qxu^Xo      , Qxu^Xo      , Qxu^Xo      , Qxu^Xo      , Qxu^Xo      , Qxu^Xo      , Qxu^Xo      , Qxu^Xo      , Qxu^Xo      , Qxu^Xo      , Qxu^Xo      , Qxu^Xo      , Qxu^Xo      , Qxu^Xo      , Qxu^Xo      , Qxu^Xo      , Qxu^Xo      , Qxu^Xo      , Qxu^Xo      , Qxu^Xo      , Qxu^Xo      , Qxu^Xo      , Qxu^Xo      , Qxu^Xo      , Qxu^Xo      , Qxu^Xo      , Qxu^Xo      , Qxu^Xo      , Qxu^Xo      , Qxu^Xo      , Qxu^Xo      , Qxu^Xo      , Qxu^Xo      , Qxu^Xo      , Qxu^Xo      , Qxu^Xo      , Qxu^Xo      , Qxu^Xo      
Qxu^Xo      , Qxu^Xo      , Qxu^Xo      , Qxu^Xo      , Qxu^Xo      , Qxu^Xo      , Qxu^Xo      , Qxy         , Qxy         , Qxy         , Qxy         , Qxu^Xo      , Qxu^Xo      , Qxu^Xo      , Qxu^Xo      , Qxu^Xo      , Qxu^Xo      , Qxu^Xo      , Qxu^Xo      , Qxu^Xo      , Qxu^Xo      , Qxu^Xo      , Qxu^Xo      , Qxu^Xo      , Qxu^Xo      , Qxu^Xo      , Qxy         , Qxy         , Ur          , Qxu^Xo      , Qxu^Xo      , Qxu^Xo      , Qxu^Xo      , Qxu^Xo      , Qxu^Xo      , Qxu^Xo      , Qxu^Xo      , Qxu^Xo      , Qxu^Xo      , Qxu^Xo      , Qxu^Xo      , Qxu^Xo      , Qxu^Xo      , Qxu^Xo      , Qxu^Xo      , Qxu^Xo      , Qxu^Xo      , Qxu^Xo      
Qxu^Xo      , Qxu^Xo      , Qxu^Xo      , Qxu^Xo      , Qxu^Xo      , Qxu^Xo      , Qxu^Xo      , Qxu^Xo      , Qxy         , Qxy         , Qxy         , Qxy         , Qxy         , Qxu^Xo      , Qxu^Xo      , Qxu^Xo      , Qxu^Xo      , Qxu^Xo      , Qxu^Xo      , Qxu^Xo      , Qxu^Xo      , Qxu^Xo      , Qxu^Xo      , Qxu^Xo      , Cud         , Cud         , Ur          , Ur          , Ur          , Ur          , Ur          , Qxu^Xo      , Qxu^Xo      , Qxu^Xo      , Qxu^Xo      , Qxu^Xo      , Qxu^Xo      , Qxu^Xo      , Qxu^Xo      , Qxu^Xo      , Qxu^Xo      , Qxu^Xo      , Qxu^Xo      , Qxu^Xo      , Qxu^Xo      , Qxu^Xo      , Qxu^Xo      , Qxu^Xo      
Qxu^Xo      , Qxu^Xo      , Qxu^Xo      , Qxu^Xo      , Qxu^Xo      , Qxu^Xo      , Qxu^Xo      , Qxu^Xo      , Qxu^Xo      , Qxy         , Qxy         , Qxy         , Qxu^Xo      , Qxu^Xo      , Qxu^Xo      , Qxu^Xo      , Qxu^Xo      , Qxu^Xo      , Qxu^Xo      , Qxu^Xo      , Qxu^Xo      , Qxu^Xo      , Qxy         , Ur          , Cud         , Cud         , Kud         , Ur          , 2 Ur        , Ur          , Ur          , Ur          , Ur          , Qxu^Xo      , Qxu^Xo      , Qxu^Xo      , Qxu^Xo      , Qxu^Xo      , Qxu^Xo      , Qxu^Xo      , Qxu^Xo      , Qxu^Xo      , Qxu^Xo      , Qxu^Xo      , Qxu^Xo      , Qxu^Xo      , Qxu^Xo      , Qxu^Xo      
Qxu^Xo      , Qxu^Xo      , Qxu^Xo      , Qxu^Xo      , Qxu^Xo      , Qxu^Xo      , Qxu^Xo      , Qxu^Xo      , Qxu^Xo      , Qxu^Xo      , Qxu^Xo      , Qxu^Xo      , Qxu^Xo      , Qxu^Xo      , Qxu^Xo      , Qxu^Xo      , Qxu^Xo      , Qxu^Xo      , Qxu^Xo      , Qxu^Xo      , Qxcy        , Qxy         , Ur          , Cud         , Ur          , Ur          , Ur          , Ur          , Ur          , Ur          , Ur          , Ur          , Ur          , Ur          , Ur          , Qxu^Xo      , Qxu^Xo      , Qxu^Xo      , Qxu^Xo      , Qxu^Xo      , Qxu^Xo      , Qxu^Xo      , Qxu^Xo      , Qxu^Xo      , Qxu^Xo      , Qxu^Xo      , Qxu^Xo      , Qxu^Xo      
Qxu^Xo      , Qxu^Xo      , Qxu^Xo      , Qxu^Xo      , Qxu^Xo      , Qxu^Xo      , Qxu^Xo      , Qxu^Xo      , Qxu^Xo      , Qxu^Xo      , Qxu^Xo      , Qxu^Xo      , Qxu^Xo      , Qxu^Xo      , Qxu^Xo      , Qxu^Xo      , Qxu^Xo      , Qxu^Xo      , Qxy^Vud     , Qxy         , Ur          , Ur          , Ur          , Ur          , Ur          , Ur          , Ur          , Ur          , Ur          , Kud         , Cud         , Ur          , Cud         , Ur          , Qxu^Xo      , Qxu^Xo      , Qxu^Xo      , Qxu^Xo      , Qxu^Xo      , Qxu^Xo      , Qxu^Xo      , Qxu^Xo      , Qxu^Xo      , Qxu^Xo      , Qxu^Xo      , Qxu^Xo      , Qxu^Xo      , Qxu^Xo      
Qxu^Xo      , Qxu^Xo      , Qxu^Xo      , Qxu^Xo      , Qxu^Xo      , Qxu^Xo      , Qxu^Xo      , Qxu^Xo      , Qxu^Xo      , Qxu^Xo      , Qxu^Xo      , Qxu^Xo      , Qxu^Xo      , Qxu^Xo      , Qxu^Xo      , Qxu^Xo      , Qxy         , Qxy         , Ur          , Ur          , Ur          , Ur          , Ur          , Ur          , Ur          , Ur          , Ur          , Ur          , Cud         , Cud         , Ur          , Cud         , Qxu^Xo      , Qxu^Xo      , Qxu^Xo      , Qxu^Xo      , Qxu^Xo      , Qxu^Xo      , Qxu^Xo      , Qxu^Xo      , Qxu^Xo      , Qxu^Xo      , Qxu^Xo      , Qxu^Xo      , Qxu^Xo      , Qxu^Xo      , Qxu^Xo      , Qxu^Xo      
Qxu^Xo      , Qxu^Xo      , Qxu^Xo      , Qxu^Xo      , Qxu^Xo      , Qxu^Xo      , Qxu^Xo      , Qxu^Xo      , Qxu^Xo      , Qxu^Xo      , Qxu^Xo      , Qxu^Xo      , Qxu^Xo      , Qxu^Xo      , Qxy         , Qxcy        , Ur          , Ur          , Ur          , Ur          , Ur          , Ur          , Ur          , Ur          , Ur          , Ur          , Ur          , Ur          , Ur          , Ur          , Qxu^Xo      , Qxu^Xo      , Qxu^Xo      , Qxu^Xo      , Qxu^Xo      , Qxu^Xo      , Qxu^Xo      , Qxu^Xo      , Qxu^Xo      , Qxu^Xo      , Qxu^Xo      , Qxu^Xo      , Qxu^Xo      , Qxu^Xo      , Qxu^Xo      , Qxu^Xo      , Qxu^Xo      , Qxu^Xo      
Qxu^Xo      , Qxu^Xo      , Qxu^Xo      , Qxu^Xo      , Qxu^Xo      , Qxu^Xo      , Qxu^Xo      , Qxu^Xo      , Qxu^Xo      , Qxu^Xo      , Qxu^Xo      , Qxu^Xo      , Qxy         , Qxy^Vud     , Ur          , Ur          , Ur          , Ur          , Ur          , Ur          , Ur          , Ur          , Ur          , Ur          , Ur          , Ur          , Ur          , Cud         , Qxu^Xo      , Qxu^Xo      , Qxu^Xo      , Qxu^Xo      , Qxu^Xo      , Qxu^Xo      , Qxu^Xo      , Qxu^Xo      , Qxu^Xo      , Qxu^Xo      , Qxu^Xo      , Qxu^Xo      , Qxu^Xo      , Qxu^Xo      , Qxu^Xo      , Qxu^Xo      , Qxu^Xo      , Qxu^Xo      , Qxu^Xo      , Qxu^Xo      
Qxu^Xo      , Qxu^Xo      , Qxu^Xo      , Qxu^Xo      , Qxu^Xo      , Qxu^Xo      , Qxu^Xo      , Qxu^Xo      , Qxu^Xo      , Qxu^Xo      , Qxy^Vud     , Qxy         , Ur          , Ur          , Ur          , Ur          , Ur          , Ur          , Ur          , Ur          , Ur          , Ur          , Ur          , Ur          , Ur          , Qxy^Vud     , Qxu^Xo      , Qxu^Xo      , Qxu^Xo      , Qxu^Xo      , Qxu^Xo      , Qxu^Xo      , Qxu^Xo      , Qxu^Xo      , Qxu^Xo      , Qxu^Xo      , Qxu^Xo      , Qxu^Xo      , Qxu^Xo      , Qxu^Xo      , Qxu^Xo      , Qxu^Xo      , Qxu^Xo      , Qxu^Xo      , Qxu^Xo      , Qxu^Xo      , Qxu^Xo      , Qxu^Xo      
Qxu^Xo      , Qxu^Xo      , Qxu^Xo      , Qxu^Xo      , Qxu^Xo      , Qxu^Xo      , Qxu^Xo      , Qxu^Xo      , Qxy         , Qxy         , Ur          , Ur          , Ur          , Ur          , Ur          , Ur          , Ur          , Ur          , Ur          , Ur          , Ur          , Ur          , Cud         , Ur          , Qxu^Xo      , Qxu^Xo      , Qxu^Xo      , Qxu^Xo      , Qxu^Xo      , Qxu^Xo      , Qxu^Xo      , Qxu^Xo      , Qxu^Xo      , Qxu^Xo      , Qxu^Xo      , Qxu^Xo      , Qxu^Xo      , Qxu^Xo      , Qxu^Xo      , Qxu^Xo      , Qxu^Xo      , Qxu^Xo      , Qxu^Xo      , Qxu^Xo      , Qxu^Xo      , Qxu^Xo      , Qxu^Xo      , Qxu^Xo      
Qxu^Xo      , Qxu^Xo      , Qxu^Xo      , Qxu^Xo      , Qxu^Xo      , Qxu^Xo      , Qxy         , Qxy         , Ur          , Ur          , Ur          , Ur          , Ur          , Ur          , Ur          , Ur          , Ur          , Ur          , Ur          , Ur          , Ur^Vud      , Ur          , Qxu^Xo      , Qxu^Xo      , Qxu^Xo      , Qxu^Xo      , Qxu^Xo      , Qxu^Xo      , Qxu^Xo      , Qxu^Xo      , Qxu^Xo      , Qxu^Xo      , Qxu^Xo      , Qxu^Xo      , Qxu^Xo      , Qxu^Xo      , Qxu^Xo      , Qxu^Xo      , Qxu^Xo      , Qxu^Xo      , Qxu^Xo      , Qxu^Xo      , Qxu^Xo      , Qxu^Xo      , Qxu^Xo      , Qxu^Xo      , Qxu^Xo      , Qxu^Xo      
Qxu^Xo      , Qxu^Xo      , Qxu^Xo      , Qxu^Xo      , Qxy         , Qxy         , Ur          , Ur          , Ur          , Ur          , Ur          , Ur          , Ur          , Ur          , Ur          , Ur          , Ur          , Ur          , Ur          , Ur          , Qxu^Xo      , Qxu^Xo      , Qxu^Xo      , Qxu^Xo      , Qxu^Xo      , Qxu^Xo      , Qxu^Xo      , Qxu^Xo      , Qxu^Xo      , Qxu^Xo      , Qxu^Xo      , Qxu^Xo      , Qxu^Xo      , Qxu^Xo      , Qxu^Xo      , Qxu^Xo      , Qxu^Xo      , Qxu^Xo      , Qxu^Xo      , Qxu^Xo      , Qxu^Xo      , Qxu^Xo      , Qxu^Xo      , Qxu^Xo      , Qxu^Xo      , Qxu^Xo      , Qxu^Xo      , Qxu^Xo      
Qxu^Xo      , Qxu^Xo      , Cud         , Qxy         , Ur          , Ur          , Ur          , Ur          , Ur          , Ur          , Ur          , Ur          , Ur          , Ur          , Ur          , Ur          , Ur          , Ur^Vud      , Qxu^Xo      , Qxu^Xo      , Qxu^Xo      , Qxu^Xo      , Qxu^Xo      , Qxu^Xo      , Qxu^Xo      , Qxu^Xo      , Qxu^Xo      , Qxu^Xo      , Qxu^Xo      , Qxu^Xo      , Qxu^Xo      , Qxu^Xo      , Qxu^Xo      , Qxu^Xo      , Qxu^Xo      , Qxu^Xo      , Qxu^Xo      , Qxu^Xo      , Qxu^Xo      , Qxu^Xo      , Qxu^Xo      , Qxu^Xo      , Qxu^Xo      , Qxu^Xo      , Qxu^Xo      , Qxu^Xo      , Qxu^Xo      , Qxu^Xo      
Ur          , Cud         , Ur          , Cud         , Kud         , Ur          , Ur          , Ur          , Ur          , Ur          , Ur          , Ur          , Ur          , Ur          , Ur          , Ur          , Qxu^Xo      , Qxu^Xo      , Qxu^Xo      , Qxu^Xo      , Qxu^Xo      , Qxu^Xo      , Qxu^Xo      , Qxu^Xo      , Qxu^Xo      , Qxu^Xo      , Qxu^Xo      , Qxu^Xo      , Qxu^Xo      , Qxu^Xo      , Qxu^Xo      , Qxu^Xo      , Qxu^Xo      , Qxu^Xo      , Qxu^Xo      , Qxu^Xo      , Qxu^Xo      , Qxu^Xo      , Qxu^Xo      , Qxu^Xo      , Qxu^Xo      , Qxu^Xo      , Qxu^Xo      , Qxu^Xo      , Qxu^Xo      , Qxu^Xo      , Qxu^Xo      , Qxu^Xo      
Ur          , Ur          , Ur          , Ur          , Ur          , Ur          , Ur          , Ur          , Ur          , Ur          , Ur          , Ur          , Ur          , Ur          , Qxu^Xo      , Qxu^Xo      , Qxu^Xo      , Qxu^Xo      , Qxu^Xo      , Qxu^Xo      , Qxu^Xo      , Qxu^Xo      , Qxu^Xo      , Qxu^Xo      , Qxu^Xo      , Qxu^Xo      , Qxu^Xo      , Qxu^Xo      , Qxu^Xo      , Qxu^Xo      , Qxu^Xo      , Qxu^Xo      , Qxu^Xo      , Qxu^Xo      , Qxu^Xo      , Qxu^Xo      , Qxu^Xo      , Qxu^Xo      , Qxu^Xo      , Qxu^Xo      , Qxu^Xo      , Qxu^Xo      , Qxu^Xo      , Qxu^Xo      , Qxu^Xo      , Qxu^Xo      , Qxu^Xo      , Qxu^Xo      
Ur          , Ur          , Ur          , Ur          , 1 Ur        , Ur          , Ur          , Kud         , Cud         , Ur          , Ur          , Ur          , Qxu^Xo      , Qxu^Xo      , Qxu^Xo      , Qxu^Xo      , Qxu^Xo      , Qxu^Xo      , Qxu^Xo      , Qxu^Xo      , Qxu^Xo      , Qxu^Xo      , Qxu^Xo      , Qxu^Xo      , Qxu^Xo      , Qxu^Xo      , Qxu^Xo      , Qxu^Xo      , Qxu^Xo      , Qxu^Xo      , Qxu^Xo      , Qxu^Xo      , Qxu^Xo      , Qxu^Xo      , Qxu^Xo      , Qxu^Xo      , Qxu^Xo      , Qxu^Xo      , Qxu^Xo      , Qxu^Xo      , Qxu^Xo      , Qxu^Xo      , Qxu^Xo      , Qxu^Xo      , Qxu^Xo      , Qxu^Xo      , Qxu^Xo      , Qxu^Xo      
Ur          , Ur          , Ur          , Ur          , Ur          , Ur          , Ur          , Ur          , Cud         , Cud         , Qxu^Xo      , Qxu^Xo      , Qxu^Xo      , Qxu^Xo      , Qxu^Xo      , Qxu^Xo      , Qxu^Xo      , Qxu^Xo      , Qxu^Xo      , Qxu^Xo      , Qxu^Xo      , Qxu^Xo      , Qxu^Xo      , Qxu^Xo      , Qxu^Xo      , Qxu^Xo      , Qxu^Xo      , Qxu^Xo      , Qxu^Xo      , Qxu^Xo      , Qxu^Xo      , Qxu^Xo      , Qxu^Xo      , Qxu^Xo      , Qxu^Xo      , Qxu^Xo      , Qxu^Xo      , Qxu^Xo      , Qxu^Xo      , Qxu^Xo      , Qxu^Xo      , Qxu^Xo      , Qxu^Xo      , Qxu^Xo      , Qxu^Xo      , Qxu^Xo      , Qxu^Xo      , Qxu^Xo      
Ur          , Ur          , Ur          , Ur          , Ur          , Ur          , Ur          , Ur          , Qxu^Xo      , Qxu^Xo      , Qxu^Xo      , Qxu^Xo      , Qxu^Xo      , Qxu^Xo      , Qxu^Xo      , Qxu^Xo      , Qxu^Xo      , Qxu^Xo      , Qxu^Xo      , Qxu^Xo      , Qxu^Xo      , Qxu^Xo      , Qxu^Xo      , Qxu^Xo      , Qxu^Xo      , Qxu^Xo      , Qxu^Xo      , Qxu^Xo      , Qxu^Xo      , Qxu^Xo      , Qxu^Xo      , Qxu^Xo      , Qxu^Xo      , Qxu^Xo      , Qxu^Xo      , Qxu^Xo      , Qxu^Xo      , Qxu^Xo      , Qxu^Xo      , Qxu^Xo      , Qxu^Xo      , Qxu^Xo      , Qxu^Xo      , Qxu^Xo      , Qxu^Xo      , Qxu^Xo      , Qxu^Xo      , Qxu^Xo      
Ur          , Ur          , Ur          , Ur          , Ur          , Ur          , Qxu^Xo      , Qxu^Xo      , Qxu^Xo      , Qxu^Xo      , Qxu^Xo      , Qxu^Xo      , Qxu^Xo      , Qxu^Xo      , Qxu^Xo      , Qxu^Xo      , Qxu^Xo      , Qxu^Xo      , Qxu^Xo      , Qxu^Xo      , Qxu^Xo      , Qxu^Xo      , Qxu^Xo      , Qxu^Xo      , Qxu^Xo      , Qxu^Xo      , Qxu^Xo      , Qxu^Xo      , Qxu^Xo      , Qxu^Xo      , Qxu^Xo      , Qxu^Xo      , Qxu^Xo      , Qxu^Xo      , Qxu^Xo      , Qxu^Xo      , Qxu^Xo      , Qxu^Xo      , Qxu^Xo      , Qxu^Xo      , Qxu^Xo      , Qxu^Xo      , Qxu^Xo      , Qxu^Xo      , Qxu^Xo      , Qxu^Xo      , Qxu^Xo      , Qxu^Xo      
