border_size=1
usage=map

Xv          , Xv          , Xv          , Xv          , Xv          , Xv          , Xv          , Xv          , Xv          , Xv          , Xv          , Xv          , Xv          , Xv          , Xv          , Xv          , Xv          , Xv          , Xv          , Xv          , Xv          , Xv          , Xv          , Xv          , Xv          , Xv          , Xv          , Xv          , Xv          , Xv          , Xv          , Xv          , Xv          , Xv          , Xv          , Xv          , Xv          , Xv          , Xv          , Xv          , Xv          , Xv          , Xv          , Xv          , Xv          , Xv          , Xv          , Xv          , Xv          , Xv          , Xv          
Xv          , Xv          , Xv          , Xv          , Xv          , Xv          , Xv          , Xv          , Xv          , Xv          , Xv          , Xv          , Xv          , Xv          , Xv          , Xv          , Xv          , Xv          , Xv          , Xv          , Xv          , Xv          , Xv          , Xv          , Xv          , Xv          , Xv          , Xv          , Xv          , Xv          , Xv          , Xv          , Xv          , Xv          , Xv          , Xv          , Xv          , Xv          , Xv          , Xv          , Xv          , Xv          , Xv          , Xv          , Xv          , Xv          , Xv          , Xv          , Xv          , Xv          , Xv          
Xv          , Dd^Xo       , Dd^Xo       , Dd^Xo       , Dd^Xo       , Dd^Xo       , Xv          , Xv          , Dd          , Dd          , Dd          , Xv          , Dd          , Dd^Xo       , Dd^Xo       , Dd^Xo       , Xv          , Dd^Xo       , Xv          , Xv          , Xv          , Xv          , Xv          , Xv          , Xv          , Xv          , Xv          , Xv          , Xv          , Xv          , Xv          , Xv          , Xv          , Xv          , Xv          , Xv          , Xv          , Xv          , Xv          , Xv          , Xv          , Xv          , Xv          , Xv          , Dd^Xo       , Dd^Xo       , Dd^Xo       , Dd^Xo       , Dd^Xo       , Dd^Xo       , Dd^Xo       
Xv          , Dd^Xo       , Dd^Xo       , Dd^Xo       , Xv          , Xv          , Xv          , Xv          , Xv          , Dd          , Dd          , Dd          , Dd          , Dd          , Xv          , Xv          , Xv          , Xv          , Xv          , Xv          , Xv          , Xv          , Xv          , Xv          , Xv          , Xv          , Xv          , Xv          , Xv          , Xv          , Xv          , Xv          , Xv          , Xv          , Xv          , Xv          , Xv          , Xv          , Xv          , Xv          , Xv          , Xv          , Xv          , Xv          , Dd^Xo       , Dd^Xo       , Dd^Xo       , Dd^Xo       , Dd^Xo       , Dd^Xo       , Dd^Xo       
Xv          , Dd^Xo       , Xv          , Xv          , Xv          , Xv          , Xv          , Xv          , Xv          , Xv          , Xv          , Dd          , Dd          , Dd          , Xv          , Xv          , Xv          , Xv          , Xv          , Xv          , Xv          , Xv          , Xv          , Xv          , Xv          , Xv          , Xv          , Xv          , Xv          , Xv          , Xv          , Xv          , Xv          , Xv          , Xv          , Xv          , Xv          , Xv          , Xv          , Xv          , Xv          , Xv          , Xv          , Xv          , Dd^Xo       , Dd^Xo       , Dd^Xo       , Dd^Xo       , Dd^Xo       , Dd^Xo       , Dd          
Xv          , Xv          , Xv          , Xv          , Xv          , Xv          , Xv          , Xv          , Dd^Cov      , Xv          , Dd^Cov      , Xv          , Dd          , Dd          , Dd          , Xv          , Dd          , Xv          , Xv          , Xv          , Xv          , Xv          , Xv          , Xv          , Xv          , Xv          , Xv          , Xv          , Xv          , Xv          , Xv          , Xv          , Xv          , Xv          , Xv          , Xv          , Xv          , Xv          , Xv          , Xv          , Xv          , Xv          , Xv          , Xv          , Dd^Xo       , Dd^Xo       , Dd^Xo       , Dd^Xo       , Dd^Xo       , Dd^Xo       , Dd^Xo       
Xv          , Xv          , Xv          , Xv          , Xv          , Xv          , Dd^Cov      , Dd^Cov      , 3 Dd^Kov    , Dd^Cov      , Dd^Cov      , Dd^Cov      , Dd          , Dd          , Dd          , Dd          , Xv          , Xv          , Xv          , Xv          , Xv          , Xv          , Dd^Xo       , Xv          , Xv          , Xv          , Xv          , Xv          , Xv          , Xv          , Xv          , Xv          , Xv          , Xv          , Xv          , Xv          , Xv          , Xv          , Xv          , Xv          , Xv          , Xv          , Xv          , Xv          , Xv          , Dd^Xo       , Dd^Xo       , Dd^Xo       , Dd^Xo       , Dd^Xo       , Dd^Xo       
Xv          , Xv          , Dd          , Xv          , Xv          , Xv          , Xv          , Dd^Cov      , Dd^Cov      , Dd^Cov      , Dd          , Dd          , Dd          , Dd          , Xv          , Xv          , Xv          , Xv          , Xv          , Xv          , Xv          , Xv          , Xv          , Dd^Xo       , Dd^Xo       , Xv          , Xv          , Xv          , Xv          , Xv          , Xv          , Xv          , Xv          , Xv          , Xv          , Dd^Cov      , Dd^Cov      , Xv          , Xv          , Xv          , Xv          , Xv          , Xv          , Xv          , Xv          , Dd^Xo       , Dd^Xo       , Dd^Xo       , Dd^Xo       , Dd^Xo       , Dd^Xo       
Xv          , Xv          , Dd          , Xv          , Xv          , Xv          , Xv          , Xv          , Xv          , Xv          , Dd          , Dd          , Dd          , Dd          , Xv          , Xv          , Xv          , Xv          , Xv          , Xv          , Xv          , Xv          , Xv          , Xv          , Xv          , Dd^Xo       , Dd^Xo       , Xv          , Xv          , Xv          , Xv          , Xv          , Xv          , Xv          , Dd^Cov      , Dd^Cov      , Dd^Cov      , Dd^Cov      , Dd^Cov      , Xv          , Dd^Cov      , Xv          , Xv          , Xv          , Xv          , Dd^Xo       , Dd^Xo       , Dd^Xo       , Dd^Xo       , Dd^Xo       , Dd^Xo       
Xv          , Xv          , Dd          , Dd          , Dd          , Dd          , Dd          , Dd          , Dd          , Dd          , Dd          , Dd          , Xv          , Xv          , Xv          , Xv          , Xv          , Xv          , Dd          , Xv          , Xv          , Xv          , Xv          , Xv          , Xv          , Dd          , Dd          , Dd^Xo       , Dd^Xo       , Xv          , Xv          , Xv          , Xv          , Dd^Cov      , Dd^Cov      , 4 Dd^Kov    , Dd^Cov      , Dd^Cov      , Dd^Cov      , Dd^Cov      , Dd^Cov      , Dd^Cov      , Xv          , Xv          , Xv          , Xv          , Dd          , Dd^Xo       , Dd          , Dd^Xo       , Dd^Xo       
Xv          , Xv          , Xv          , Xv          , Xv          , Dd          , Xv          , Xv          , Xv          , Xv          , Dd          , Dd          , Dd          , Xv          , Xv          , Xv          , Dd          , Dd          , Dd          , Xv          , Xv          , Xv          , Xv          , Xv          , Dd^Xo       , Dd^Xo       , Dd^Xo       , Dd          , Xv          , Dd^Xo       , Dd^Xo       , Xv          , Dd^Xo       , Xv          , Xv          , Dd^Cov      , Dd^Cov      , Dd^Cov      , Dd^Cov      , Dd^Cov      , Dd          , Dd^Cov      , Xv          , Xv          , Dd          , Dd^Vda      , Dd          , Dd          , Dd          , Dd          , Dd^Xo       
Xv          , Xv          , Xv          , Xv          , Xv          , Xv          , Xv          , Xv          , Xv          , Xv          , Xv          , Dd          , Dd          , Xv          , Dd^Xo       , Dd          , Dd^Vda      , Dd^Vda      , Dd          , Dd^Xo       , Dd^Xo       , Xv          , Dd^Xo       , Xv          , Dd^Xo       , Dd^Xo       , Dd^Xo       , Dd^Xo       , Xv          , Xv          , Xv          , Dd^Xo       , Dd^Dr       , Dd^Xo       , Dd          , Xv          , Xv          , Dd^Cov      , Dd          , Dd          , Dd          , Dd          , Dd^Vda      , Dd          , Dd          , Dd          , Dd          , Dd          , Dd          , Dd          , Dd^Xo       
Xv          , Xv          , Xv          , Xv          , Xv          , Xv          , Xv          , Xv          , Xv          , Xv          , Xv          , Dd          , Dd          , Dd          , Dd          , Dd          , Dd          , Dd^Vda      , Dd          , Hd          , Dd          , Dd^Xo       , Dd^Dc       , Dd          , Dd          , Dd^Xo       , Dd          , Xv          , Xv          , Xv          , Xv          , Dd^Xo       , Dd          , Dd          , Dd          , Dd          , Dd^Vda      , Dd          , Dd          , Dd          , Dd          , Dd          , Md          , Dd          , Dd          , Dd          , Dd          , Dd          , Dd^Xo       , Dd^Xo       , Dd^Xo       
Xv          , Xv          , Xv          , Xv          , Xv          , Xv          , Xv          , Xv          , Xv          , Xv          , Xv          , Dd          , Dd          , Dd          , Dd          , Dd          , Dd          , Hd          , Dd          , Dd          , Dd^Do       , Dd^Esd      , Md          , Dd          , Dd          , Dd          , Dd          , Dd^Xo       , Dd          , Dd          , Dd          , Dd^Xo       , Dd          , Dd          , Dd          , Dd          , Hd          , Dd          , Dd          , Dd^Dc       , Dd          , Md          , Hd          , Dd          , Dd          , Dd^Dr       , Dd^Xo       , Dd^Xo       , Dd^Xo       , Dd^Xo       , Dd^Xo       
Xv          , Xv          , Xv          , Xv          , Xv          , Xv          , Xv          , Xv          , Xv          , Xv          , Dd^Xo       , Dd^Xo       , Dd^Xo       , Dd          , Dd          , Dd          , Dd          , Dd^Dc       , Hd          , Dd          , Hd          , Hd          , Dd          , Dd          , Dd          , Dd          , Dd          , Dd          , Dd^Esd      , Dd          , Dd          , Dd          , Dd          , Dd          , Dd          , Dd          , Dd          , Md          , Md          , Hd          , Hd          , Dd          , Dd          , Dd          , Dd^Xo       , Dd^Xo       , Dd^Cov      , 2 Dd^Kov    , Dd^Xo       , Dd^Xo       , Dd^Xo       
Xv          , Xv          , Xv          , Xv          , Xv          , Xv          , Xv          , Xv          , Dd^Xo       , Dd^Xo       , Dd^Xo       , Dd^Xo       , Dd^Xo       , Dd^Xo       , Dd^Xo       , Dd          , Hd          , Dd          , Dd          , Md          , Md          , Hd          , Dd          , Dd          , Dd          , Dd^Vda      , Dd          , Dd          , Dd          , Dd          , Dd          , Dd^Do       , Dd          , Dd          , Dd^Dc       , Dd^Xo       , Dd^Xo       , Dd^Vda      , Dd          , Hd          , Dd          , Dd          , Dd^Xo       , Dd^Xo       , Dd^Cov      , Dd^Cov      , Dd^Cov      , Dd^Xo       , Dd^Xo       , Dd^Xo       , Dd^Xo       
Xv          , Xv          , Xv          , Xv          , Xv          , Xv          , Xv          , Xv          , Dd^Xo       , Dd^Xo       , Dd^Xo       , Dd^Xo       , Dd^Xo       , Dd          , Dd^Xo       , Dd          , Dd^Xo       , Dd          , Dd          , Dd          , Dd          , Dd          , Dd          , Dd          , Rd          , Rd          , Rd          , Dd          , Dd          , Dd          , Dd          , Dd          , Dd^Vda      , Dd          , Dd          , Dd^Xo       , Dd^Xo       , Dd^Xo       , Dd          , Dd          , Dd          , Dd          , Dd^Xo       , Dd^Cov      , Dd^Cov      , Dd^Cov      , Dd^Cov      , Dd^Xo       , Dd^Xo       , Dd^Xo       , Dd^Xo       
Xv          , Xv          , Xv          , Xv          , Xv          , Xv          , Xv          , Xv          , Dd^Xo       , Dd^Xo       , Dd^Dr       , Dd^Xo       , Dd^Xo       , Dd^Dr       , Dd          , Dd^Xo       , Xv          , Xv          , Xv          , Dd          , Rd          , Dd          , Rd          , Rd          , Rd          , Rd          , Rd          , Rd          , Rd          , Rd          , Rd          , Rd          , Rd          , Dd          , Dd          , Dd          , Dd          , Dd^Xo       , Dd          , Dd^Vda      , Dd          , Dd          , Dd^Xo       , Dd^Cov      , Dd          , Dd^Xo       , Dd          , Dd^Xo       , Dd^Xo       , Dd^Xo       , Dd^Xo       
Xv          , Xv          , Xv          , Xv          , Xv          , Xv          , Xv          , Xv          , Dd^Xo       , Dd^Dr       , Dd          , Dd^Dr       , Dd          , Dd^Xo       , Dd          , Dd          , Dd          , Xv          , Xv          , Xv          , Xv          , Rd          , Rd          , Rd          , Rd          , Rd          , Rd          , Rd          , Rd          , Rd          , Rd          , Rd          , Dd          , Dd          , Hd          , Dd          , Md          , Dd          , Dd          , Dd          , Dd          , Dd          , Dd          , Dd          , Dd          , Dd          , Dd          , Dd^Xo       , Dd^Xo       , Dd^Xo       , Dd^Xo       
Xv          , Xv          , Xv          , Xv          , Xv          , Xv          , Xv          , Xv          , Dd^Xo       , Dd          , Dd^Vda      , Dd          , Dd          , Dd          , Dd          , Dd^Esd      , Dd          , Dd          , Dd          , Xv          , Dd^Xo       , Dd^Xo       , Xv          , Rd          , Xv          , Rd^Kov      , Rd^Kov      , Rd          , Rd          , Rd          , Rd          , Dd          , Dd          , Dd          , Dd          , Md          , Md          , Dd          , Dd          , Dd          , Dd          , Dd          , Dd          , Dd          , Dd          , Dd          , Dd          , Dd^Xo       , Dd^Xo       , Dd^Xo       , Dd^Xo       
Xv          , Xv          , Xv          , Xv          , Xv          , Xv          , Xv          , Xv          , Dd          , Dd          , Dd          , Dd          , Dd          , Dd          , Dd          , Dd          , Dd          , Dd          , Rd          , Rd          , Rd          , Xv          , Xv          , Xv          , Xv          , Rp^Kov      , Rp^Kov      , Rp^Kov      , Rp^Kov      , Rd          , Rd          , Rd          , Dd          , Dd          , Dd          , Dd          , Hd          , Md          , Hd          , Dd          , Dd          , Dd          , Dd          , Dd          , Dd^Xo       , Dd          , Dd^Xo       , Dd^Xo       , Dd^Xo       , Dd^Xo       , Dd^Xo       
Xv          , Xv          , Xv          , Xv          , Xv          , Xv          , Xv          , Xv          , Dd          , Dd          , Hd          , Dd          , Dd          , Dd^Esd      , Dd^Vda      , Dd          , Rd          , Rd          , Rd          , Rd          , Rd          , Rp^Kov      , Rp^Kov      , Xv          , Rp^Kov      , 1 Rp^Kov    , Rp^Kov      , Rp^Kov      , Rp^Kov      , Rp^Kov      , Rd          , Rd          , Rd          , Md          , Dd          , Dd          , Hd          , Dd          , Dd^Xo       , Dd          , Dd^Xo       , Dd^Xo       , Dd^Xo       , Dd^Xo       , Dd^Xo       , Dd^Xo       , Dd^Xo       , Dd^Xo       , Dd^Xo       , Dd^Xo       , Dd          
Xv          , Xv          , Xv          , Xv          , Xv          , Xv          , Xv          , Xv          , Dd          , Dd          , Md          , Md          , Dd          , Dd          , Dd^Dc       , Dd          , Dd          , Dd          , Dd          , Dd          , Dd          , Rd          , Rd          , Rp^Kov      , Rd^Kov      , Rp^Kov      , Rd^Xo       , Rp^Kov      , Rd          , Rd          , Rd          , Rd          , Rd          , Rd          , Dd          , Dd^Vda      , Dd          , Hd          , Dd          , Dd^Xo       , Dd^Xo       , Dd^Xo       , Dd          , Dd^Xo       , Dd^Xo       , Dd^Xo       , Dd^Xo       , Dd^Xo       , Dd          , Dd^Xo       , Dd          
Xv          , Xv          , Xv          , Xv          , Xv          , Xv          , Xv          , Xv          , Dd^Xo       , Dd          , Hd          , Dd          , Md          , Dd          , Hd          , Dd          , Dd          , Dd          , Dd          , Dd          , Dd          , Rd          , Rd          , Rd          , Rd          , Rd          , Rd          , Rd          , Rd          , Rd          , Rd          , Rd          , Rd          , Dd          , Dd          , Dd          , Dd          , Md          , Dd          , Dd          , Dd          , Dd          , Dd          , Dd          , Dd          , Dd          , Dd          , Dd          , Dd          , Dd          , Dd          
Xv          , Xv          , Xv          , Xv          , Xv          , Xv          , Xv          , Xv          , Xv          , Dd^Xo       , Dd^Xo       , Md          , Dd          , Hd          , Hd          , Md          , Dd          , Dd^Esd      , Dd          , Dd          , Dd          , Rd          , Dd          , Dd          , Dd          , Rd          , Rd          , Rd          , Rd          , Rd          , Rd          , Rd          , Rd          , Dd          , Dd          , Dd          , Dd          , Dd          , Dd          , Dd          , Dd          , Dd          , 5 Dd^Do     , Dd          , Dd          , Dd          , Dd          , Dd          , Dd          , Dd          , Dd          
Xv          , Xv          , Xv          , Xv          , Xv          , Xv          , Xv          , Xv          , Xv          , Xv          , Xv          , Dd^Xo       , Dd^Xo       , Dd          , Dd          , Hd          , Md          , Dd          , Dd^Vda      , Dd          , Dd^Esd      , Dd          , Dd          , Dd^Dc       , Dd          , Rd          , Rd          , Rd          , Dd^Esd      , Dd          , Dd          , Dd          , Dd^Vda      , Dd          , Dd          , Dd          , Dd          , Dd          , Dd          , Dd^Dc       , Dd          , Md          , Hd          , Dd          , Dd^Dc       , Dd          , Dd          , Dd          , Dd          , Dd          , Dd          
Xv          , Xv          , Xv          , Xv          , Xv          , Xv          , Xv          , Xv          , Xv          , Xv          , Xv          , Xv          , Xv          , Dd^Xo       , Dd^Xo       , Dd          , Dd          , Dd          , Dd          , Dd          , Dd          , Dd          , Dd          , Dd          , Dd^Vda      , Rd          , Dd          , Dd          , Dd          , Dd          , Dd          , Dd          , Dd          , Dd          , Dd          , Dd          , Dd          , Dd          , Dd          , Dd          , Dd          , Md          , Dd          , Dd^Dc       , Dd^Dc       , Dd          , Dd          , Dd          , Dd          , Dd          , Dd          
Xv          , Xv          , Xv          , Xv          , Xv          , Xv          , Xv          , Xv          , Xv          , Xv          , Xv          , Xv          , Xv          , Xv          , Xv          , Dd^Xo       , Dd          , Dd          , Dd          , Dd          , Dd          , Dd          , Dd          , Dd          , Dd          , Dd          , Dd          , Dd          , Dd          , Dd          , Dd          , Dd          , Dd          , Dd          , Dd          , Dd          , Dd          , Dd          , Dd          , Dd          , Dd          , Dd          , Dd          , Dd          , Dd          , Dd          , Dd          , Dd          , Dd          , Dd          , Dd          
